kucoinfutures GET https://api-futures.kucoin.com/api/v1/contracts/active
Traceback (most recent call last):
  File "C:\Users\ahmed\AppData\Local\Programs\Python\Python312\Lib\site-packages\aiohttp\resolver.py", line 117, in resolve
    resp = await self._resolver.getaddrinfo(
           ^^^^^^^^^^^^^^^^^^^^^^^^^^^^^^^^^
aiodns.error.DNSError: (11, 'Could not contact DNS servers')

The above exception was the direct cause of the following exception:

Traceback (most recent call last):
  File "C:\Users\ahmed\AppData\Local\Programs\Python\Python312\Lib\site-packages\aiohttp\connector.py", line 1562, in _create_direct_connection
    hosts = await self._resolve_host(host, port, traces=traces)
            ^^^^^^^^^^^^^^^^^^^^^^^^^^^^^^^^^^^^^^^^^^^^^^^^^^^
  File "C:\Users\ahmed\AppData\Local\Programs\Python\Python312\Lib\site-packages\aiohttp\connector.py", line 1178, in _resolve_host
    return await asyncio.shield(resolved_host_task)
           ^^^^^^^^^^^^^^^^^^^^^^^^^^^^^^^^^^^^^^^^
  File "C:\Users\ahmed\AppData\Local\Programs\Python\Python312\Lib\site-packages\aiohttp\connector.py", line 1209, in _resolve_host_with_throttle
    addrs = await self._resolver.resolve(host, port, family=self._family)
            ^^^^^^^^^^^^^^^^^^^^^^^^^^^^^^^^^^^^^^^^^^^^^^^^^^^^^^^^^^^^^
  File "C:\Users\ahmed\AppData\Local\Programs\Python\Python312\Lib\site-packages\aiohttp\resolver.py", line 126, in resolve
    raise OSError(None, msg) from exc
OSError: [Errno None] Could not contact DNS servers

The above exception was the direct cause of the following exception:

Traceback (most recent call last):
  File "C:\Users\ahmed\AppData\Local\Programs\Python\Python312\Lib\site-packages\ccxt\async_support\base\exchange.py", line 217, in fetch
    async with session_method(yarl.URL(url, encoded=True),
  File "C:\Users\ahmed\AppData\Local\Programs\Python\Python312\Lib\site-packages\aiohttp\client.py", line 1510, in __aenter__
    self._resp: _RetType = await self._coro
                           ^^^^^^^^^^^^^^^^
  File "C:\Users\ahmed\AppData\Local\Programs\Python\Python312\Lib\site-packages\aiohttp\client.py", line 779, in _request
    resp = await handler(req)
           ^^^^^^^^^^^^^^^^^^
  File "C:\Users\ahmed\AppData\Local\Programs\Python\Python312\Lib\site-packages\aiohttp\client.py", line 734, in _connect_and_send_request
    conn = await self._connector.connect(
           ^^^^^^^^^^^^^^^^^^^^^^^^^^^^^^
  File "C:\Users\ahmed\AppData\Local\Programs\Python\Python312\Lib\site-packages\aiohttp\connector.py", line 672, in connect
    proto = await self._create_connection(req, traces, timeout)
            ^^^^^^^^^^^^^^^^^^^^^^^^^^^^^^^^^^^^^^^^^^^^^^^^^^^
  File "C:\Users\ahmed\AppData\Local\Programs\Python\Python312\Lib\site-packages\aiohttp\connector.py", line 1239, in _create_connection
    _, proto = await self._create_direct_connection(req, traces, timeout)
               ^^^^^^^^^^^^^^^^^^^^^^^^^^^^^^^^^^^^^^^^^^^^^^^^^^^^^^^^^^
  File "C:\Users\ahmed\AppData\Local\Programs\Python\Python312\Lib\site-packages\aiohttp\connector.py", line 1568, in _create_direct_connection
    raise ClientConnectorDNSError(req.connection_key, exc) from exc
aiohttp.client_exceptions.ClientConnectorDNSError: Cannot connect to host api-futures.kucoin.com:443 ssl:default [Could not contact DNS servers]

The above exception was the direct cause of the following exception:

Traceback (most recent call last):
  File "E:\CosmoQuantAI\backend\test_ob.py", line 8, in main
    await exchange.load_markets()
  File "C:\Users\ahmed\AppData\Local\Programs\Python\Python312\Lib\site-packages\ccxt\async_support\base\exchange.py", line 341, in load_markets
    raise e
  File "C:\Users\ahmed\AppData\Local\Programs\Python\Python312\Lib\site-packages\ccxt\async_support\base\exchange.py", line 333, in load_markets
    result = await self.markets_loading
             ^^^^^^^^^^^^^^^^^^^^^^^^^^
  File "C:\Users\ahmed\AppData\Local\Programs\Python\Python312\Lib\site-packages\ccxt\async_support\base\exchange.py", line 300, in load_markets_helper
    markets = await self.fetch_markets(params)
              ^^^^^^^^^^^^^^^^^^^^^^^^^^^^^^^^
  File "C:\Users\ahmed\AppData\Local\Programs\Python\Python312\Lib\site-packages\ccxt\async_support\kucoinfutures.py", line 505, in fetch_markets
    response = await self.futuresPublicGetContractsActive(params)
               ^^^^^^^^^^^^^^^^^^^^^^^^^^^^^^^^^^^^^^^^^^^^^^^^^^
  File "C:\Users\ahmed\AppData\Local\Programs\Python\Python312\Lib\site-packages\ccxt\async_support\base\exchange.py", line 995, in request
    return await self.fetch2(path, api, method, params, headers, body, config)
           ^^^^^^^^^^^^^^^^^^^^^^^^^^^^^^^^^^^^^^^^^^^^^^^^^^^^^^^^^^^^^^^^^^^
  File "C:\Users\ahmed\AppData\Local\Programs\Python\Python312\Lib\site-packages\ccxt\async_support\base\exchange.py", line 989, in fetch2
    raise e
  File "C:\Users\ahmed\AppData\Local\Programs\Python\Python312\Lib\site-packages\ccxt\async_support\base\exchange.py", line 979, in fetch2
    return await self.fetch(request['url'], request['method'], request['headers'], request['body'])
           ^^^^^^^^^^^^^^^^^^^^^^^^^^^^^^^^^^^^^^^^^^^^^^^^^^^^^^^^^^^^^^^^^^^^^^^^^^^^^^^^^^^^^^^^
  File "C:\Users\ahmed\AppData\Local\Programs\Python\Python312\Lib\site-packages\ccxt\async_support\base\exchange.py", line 257, in fetch
    raise ExchangeNotAvailable(details) from e
ccxt.base.errors.ExchangeNotAvailable: kucoinfutures GET https://api-futures.kucoin.com/api/v1/contracts/active
